// Jest Snapshot v1, https://goo.gl/fbAQLP

exports[`GoogleFontsControl/Item matches snapshot 1`] = `
<div
  className="google-fonts-control-child"
>
  <span
    className="customize-control-title google-fonts-control-title__child"
  >
    Test: Headline Large
  </span>
  <div
    className="google-fonts-control__values"
  >
    <div
      className="components-base-control"
    >
      <div
        className="components-base-control__field"
      >
        <label
          className="components-base-control__label"
          htmlFor="inspector-size-control-headline-large"
          id="inspector-size-label-headline-large"
        >
          Size
        </label>
        <input
          className="components-google-fonts-control__number"
          id="inspector-size-control-headline-large"
          max={96}
          min={2}
          onChange={[Function]}
          type="number"
          value={96}
        />
      </div>
    </div>
    <div
      className="components-base-control"
    >
      <div
        className="components-base-control__field"
      >
        <label
          className="components-base-control__label"
          htmlFor="inspector-line-height-control-headline-large"
          id="inspector-line-height-label-headline-large"
        >
          Line height
        </label>
        <input
          className="components-google-fonts-control__number"
          id="inspector-line-height-control-headline-large"
          max={64}
          min={0}
          onChange={[Function]}
          step="0.01"
          type="number"
          value={0}
        />
      </div>
    </div>
    <div
      className="components-base-control"
    >
      <div
        className="components-base-control__field"
      >
        <label
          className="components-base-control__label"
          htmlFor="inspector-tracking-control-headline-large"
          id="inspector-tracking-label-headline-large"
        >
          Tracking
        </label>
        <input
          className="components-google-fonts-control__number"
          id="inspector-tracking-control-headline-large"
          max={100}
          min={-5}
          onChange={[Function]}
          type="number"
          value={0}
        />
      </div>
    </div>
    <ForwardRef(SelectControl)
      className="components-google-fonts-control__select"
      label="Weight"
      onChange={[Function]}
      options={Array []}
      value={500}
    />
  </div>
</div>
`;
