// Jest Snapshot v1, https://goo.gl/fbAQLP

exports[`GSM: Getting Started matches snapshot 1`] = `
Object {
  "asFragment": [Function],
  "baseElement": <body>
    <div>
      <div
        class="mdc-layout-grid"
      >
        <div
          class="mdc-layout-grid__inner"
        >
          <div
            class="material-gsm__navigation mdc-layout-grid__cell mdc-layout-grid__cell--span-3"
          >
            <div
              class="material-gsm__heading"
            >
              <div
                class="title-large"
              >
                Getting Started
              </div>
            </div>
            <div
              class="material-gsm__tabs"
            >
              <button
                class="material-gsm__tab material-gsm__tab-completed"
                type="button"
              >
                <i
                  class="material-icons"
                >
                  check_circle_outline
                </i>
                <div
                  class="material-gsm__tab-title"
                >
                  Quick Start
                </div>
              </button>
              <button
                class="material-gsm__tab material-gsm__tab-active"
                type="button"
              >
                <i
                  class="material-icons"
                >
                  lens
                </i>
                <div
                  class="material-gsm__tab-title"
                >
                  Customize your Theme
                </div>
              </button>
              <button
                class="material-gsm__tab"
                type="button"
              >
                <i
                  class="material-icons"
                >
                  lens
                </i>
                <div
                  class="material-gsm__tab-title"
                >
                  Build with Material Blocks
                </div>
              </button>
              <button
                class="material-gsm__tab"
                type="button"
              >
                <i
                  class="material-icons"
                >
                  lens
                </i>
                <div
                  class="material-gsm__tab-title"
                >
                  Updates
                </div>
              </button>
              <button
                class="material-gsm__tab"
                type="button"
              >
                <i
                  class="material-icons"
                >
                  lens
                </i>
                <div
                  class="material-gsm__tab-title"
                >
                  Learn More
                </div>
              </button>
            </div>
          </div>
          <div
            class="material-gsm__content mdc-layout-grid__cell mdc-layout-grid__cell--span-9"
          >
            <h2
              class="material-gsm__content-title headline-medium"
            >
              Customize your Theme
            </h2>
            <p
              class="body-large"
            >
              Set and preview your global theme styles using the Material Design options in the Customize panel. Choose colors, typography, shapes, and icons to express your unique style. Once you’re satisfied with your changes, hit “Publish” to update your site.
            </p>
            <img
              alt=""
              src="undefinedcustomize-your-theme.png"
              style="max-width: 40%;"
            />
            <div
              style="height: 15px;"
            />
            <div
              class="material-gsm__content-actions"
            >
              <button
                class="mdc-button mdc-button--raised"
              >
                <span
                  class="mdc-button__label"
                >
                  Customize
                </span>
                <i
                  aria-hidden="true"
                  class="material-icons mdc-button__icon trailing-icon"
                >
                  navigate_next
                </i>
              </button>
            </div>
            <h2
              class="material-gsm__content-title title-large"
            >
              Starter Styles
            </h2>
            <p
              class="body-large"
            >
              Start from our existing styles and use 
              <a
                href="https://material.io/design/material-theming/overview.html"
                rel="noopener noreferrer"
                target="_blank"
              >
                Material Theming
              </a>
               to create a custom look and feel.
            </p>
            <h2
              class="material-gsm__content-title title-large"
            >
              Color Palettes
            </h2>
            <p
              class="body-large"
            >
              Change your primary and secondary colors and see them applied throughout your site. Need help picking colors? Try Material’s 
              <a
                href="https://material.io/design/color/the-color-system.html#tools-for-picking-colors"
                rel="noopener noreferrer"
                target="_blank"
              >
                color palette generator
              </a>
               to find complementary, analogous, and triadic tonal palettes.
            </p>
            <h2
              class="material-gsm__content-title title-large"
            >
              Typography
            </h2>
            <p
              class="body-large"
            >
              Choose from more than 1,000 typefaces in 
              <a
                href="https://fonts.google.com/"
                rel="noopener noreferrer"
                target="_blank"
              >
                Google Fonts
              </a>
               to set your headline and body styles. Want tips on balancing expression with legibility?. Read Material’s 
              <a
                href="https://material.io/design/typography/the-type-system.html"
                rel="noopener noreferrer"
                target="_blank"
              >
                typography guidelines
              </a>
               for inspiration and best practices.
            </p>
            <h2
              class="material-gsm__content-title title-large"
            >
              Corner Styles
            </h2>
            <p
              class="body-large"
            >
              Material Design systematically applies a shape scheme across components. Change the global corner radius for all blocks or individually for each Material block.
            </p>
            <h2
              class="material-gsm__content-title title-large"
            >
              Icon Style
            </h2>
            <p
              class="body-large"
            >
              All 
              <a
                href="http://material.io/icons"
                rel="noopener noreferrer"
                target="_blank"
              >
                Material Icons
              </a>
               are included with this plugin. Choose from Filled, Outlined, Rounded, Two-tone, or Sharp styles.
            </p>
            <h2
              class="material-gsm__content-title headline-medium"
            >
              Set Layout & Navigation
            </h2>
            <p
              class="body-large"
            >
              Select how posts display – as either cards or image lists, in a wide or normal width. Additional card display options include raised or outlined cards, and show or hide post comments, author, excerpt, and date. 
              Choose how comment fields display within each post.
            </p>
            <h2
              class="material-gsm__content-title title-large"
            >
              Top app bar
            </h2>
            <p
              class="body-large"
            >
              Choose tabs, navigation drawer, or both for your site navigation. Give users the ability to search your site from within the top app bar. By default, the top app bar will hide when scrolling up, choose “Fixed” to keep the app bar visible at all times.
            </p>
            <h2
              class="material-gsm__content-title title-large"
            >
              Footer
            </h2>
            <p
              class="body-large"
            >
              Add footer text and give your users a quick way to jump back to the top of the page. Looking to add widgets at the bottom of your site? Use the 
              <a
                href="\${ getConfig( 'customize' ) }?autofocus[panel]=widgets"
                rel="noopener noreferrer"
                target="_blank"
              >
                Widgets
              </a>
               settings.
            </p>
            <div
              style="height: 20px;"
            />
          </div>
        </div>
      </div>
    </div>
  </body>,
  "container": <div>
    <div
      class="mdc-layout-grid"
    >
      <div
        class="mdc-layout-grid__inner"
      >
        <div
          class="material-gsm__navigation mdc-layout-grid__cell mdc-layout-grid__cell--span-3"
        >
          <div
            class="material-gsm__heading"
          >
            <div
              class="title-large"
            >
              Getting Started
            </div>
          </div>
          <div
            class="material-gsm__tabs"
          >
            <button
              class="material-gsm__tab material-gsm__tab-completed"
              type="button"
            >
              <i
                class="material-icons"
              >
                check_circle_outline
              </i>
              <div
                class="material-gsm__tab-title"
              >
                Quick Start
              </div>
            </button>
            <button
              class="material-gsm__tab material-gsm__tab-active"
              type="button"
            >
              <i
                class="material-icons"
              >
                lens
              </i>
              <div
                class="material-gsm__tab-title"
              >
                Customize your Theme
              </div>
            </button>
            <button
              class="material-gsm__tab"
              type="button"
            >
              <i
                class="material-icons"
              >
                lens
              </i>
              <div
                class="material-gsm__tab-title"
              >
                Build with Material Blocks
              </div>
            </button>
            <button
              class="material-gsm__tab"
              type="button"
            >
              <i
                class="material-icons"
              >
                lens
              </i>
              <div
                class="material-gsm__tab-title"
              >
                Updates
              </div>
            </button>
            <button
              class="material-gsm__tab"
              type="button"
            >
              <i
                class="material-icons"
              >
                lens
              </i>
              <div
                class="material-gsm__tab-title"
              >
                Learn More
              </div>
            </button>
          </div>
        </div>
        <div
          class="material-gsm__content mdc-layout-grid__cell mdc-layout-grid__cell--span-9"
        >
          <h2
            class="material-gsm__content-title headline-medium"
          >
            Customize your Theme
          </h2>
          <p
            class="body-large"
          >
            Set and preview your global theme styles using the Material Design options in the Customize panel. Choose colors, typography, shapes, and icons to express your unique style. Once you’re satisfied with your changes, hit “Publish” to update your site.
          </p>
          <img
            alt=""
            src="undefinedcustomize-your-theme.png"
            style="max-width: 40%;"
          />
          <div
            style="height: 15px;"
          />
          <div
            class="material-gsm__content-actions"
          >
            <button
              class="mdc-button mdc-button--raised"
            >
              <span
                class="mdc-button__label"
              >
                Customize
              </span>
              <i
                aria-hidden="true"
                class="material-icons mdc-button__icon trailing-icon"
              >
                navigate_next
              </i>
            </button>
          </div>
          <h2
            class="material-gsm__content-title title-large"
          >
            Starter Styles
          </h2>
          <p
            class="body-large"
          >
            Start from our existing styles and use 
            <a
              href="https://material.io/design/material-theming/overview.html"
              rel="noopener noreferrer"
              target="_blank"
            >
              Material Theming
            </a>
             to create a custom look and feel.
          </p>
          <h2
            class="material-gsm__content-title title-large"
          >
            Color Palettes
          </h2>
          <p
            class="body-large"
          >
            Change your primary and secondary colors and see them applied throughout your site. Need help picking colors? Try Material’s 
            <a
              href="https://material.io/design/color/the-color-system.html#tools-for-picking-colors"
              rel="noopener noreferrer"
              target="_blank"
            >
              color palette generator
            </a>
             to find complementary, analogous, and triadic tonal palettes.
          </p>
          <h2
            class="material-gsm__content-title title-large"
          >
            Typography
          </h2>
          <p
            class="body-large"
          >
            Choose from more than 1,000 typefaces in 
            <a
              href="https://fonts.google.com/"
              rel="noopener noreferrer"
              target="_blank"
            >
              Google Fonts
            </a>
             to set your headline and body styles. Want tips on balancing expression with legibility?. Read Material’s 
            <a
              href="https://material.io/design/typography/the-type-system.html"
              rel="noopener noreferrer"
              target="_blank"
            >
              typography guidelines
            </a>
             for inspiration and best practices.
          </p>
          <h2
            class="material-gsm__content-title title-large"
          >
            Corner Styles
          </h2>
          <p
            class="body-large"
          >
            Material Design systematically applies a shape scheme across components. Change the global corner radius for all blocks or individually for each Material block.
          </p>
          <h2
            class="material-gsm__content-title title-large"
          >
            Icon Style
          </h2>
          <p
            class="body-large"
          >
            All 
            <a
              href="http://material.io/icons"
              rel="noopener noreferrer"
              target="_blank"
            >
              Material Icons
            </a>
             are included with this plugin. Choose from Filled, Outlined, Rounded, Two-tone, or Sharp styles.
          </p>
          <h2
            class="material-gsm__content-title headline-medium"
          >
            Set Layout & Navigation
          </h2>
          <p
            class="body-large"
          >
            Select how posts display – as either cards or image lists, in a wide or normal width. Additional card display options include raised or outlined cards, and show or hide post comments, author, excerpt, and date. 
            Choose how comment fields display within each post.
          </p>
          <h2
            class="material-gsm__content-title title-large"
          >
            Top app bar
          </h2>
          <p
            class="body-large"
          >
            Choose tabs, navigation drawer, or both for your site navigation. Give users the ability to search your site from within the top app bar. By default, the top app bar will hide when scrolling up, choose “Fixed” to keep the app bar visible at all times.
          </p>
          <h2
            class="material-gsm__content-title title-large"
          >
            Footer
          </h2>
          <p
            class="body-large"
          >
            Add footer text and give your users a quick way to jump back to the top of the page. Looking to add widgets at the bottom of your site? Use the 
            <a
              href="\${ getConfig( 'customize' ) }?autofocus[panel]=widgets"
              rel="noopener noreferrer"
              target="_blank"
            >
              Widgets
            </a>
             settings.
          </p>
          <div
            style="height: 20px;"
          />
        </div>
      </div>
    </div>
  </div>,
  "debug": [Function],
  "findAllByAltText": [Function],
  "findAllByDisplayValue": [Function],
  "findAllByLabelText": [Function],
  "findAllByPlaceholderText": [Function],
  "findAllByRole": [Function],
  "findAllByTestId": [Function],
  "findAllByText": [Function],
  "findAllByTitle": [Function],
  "findByAltText": [Function],
  "findByDisplayValue": [Function],
  "findByLabelText": [Function],
  "findByPlaceholderText": [Function],
  "findByRole": [Function],
  "findByTestId": [Function],
  "findByText": [Function],
  "findByTitle": [Function],
  "getAllByAltText": [Function],
  "getAllByDisplayValue": [Function],
  "getAllByLabelText": [Function],
  "getAllByPlaceholderText": [Function],
  "getAllByRole": [Function],
  "getAllByTestId": [Function],
  "getAllByText": [Function],
  "getAllByTitle": [Function],
  "getByAltText": [Function],
  "getByDisplayValue": [Function],
  "getByLabelText": [Function],
  "getByPlaceholderText": [Function],
  "getByRole": [Function],
  "getByTestId": [Function],
  "getByText": [Function],
  "getByTitle": [Function],
  "queryAllByAltText": [Function],
  "queryAllByDisplayValue": [Function],
  "queryAllByLabelText": [Function],
  "queryAllByPlaceholderText": [Function],
  "queryAllByRole": [Function],
  "queryAllByTestId": [Function],
  "queryAllByText": [Function],
  "queryAllByTitle": [Function],
  "queryByAltText": [Function],
  "queryByDisplayValue": [Function],
  "queryByLabelText": [Function],
  "queryByPlaceholderText": [Function],
  "queryByRole": [Function],
  "queryByTestId": [Function],
  "queryByText": [Function],
  "queryByTitle": [Function],
  "rerender": [Function],
  "unmount": [Function],
}
`;
