// Jest Snapshot v1, https://goo.gl/fbAQLP

exports[`ColorPanel matches snapshot 1`] = `
Object {
  "asFragment": [Function],
  "baseElement": <body>
    <p
      class="a11y-speak-intro-text"
      hidden="hidden"
      id="a11y-speak-intro-text"
      style="position: absolute;margin: -1px;padding: 0;height: 1px;width: 1px;overflow: hidden;clip: rect(1px, 1px, 1px, 1px);-webkit-clip-path: inset(50%);clip-path: inset(50%);border: 0;word-wrap: normal !important;"
    >
      Notifications
    </p>
    <div
      aria-atomic="true"
      aria-live="assertive"
      aria-relevant="additions text"
      class="a11y-speak-region"
      id="a11y-speak-assertive"
      style="position: absolute;margin: -1px;padding: 0;height: 1px;width: 1px;overflow: hidden;clip: rect(1px, 1px, 1px, 1px);-webkit-clip-path: inset(50%);clip-path: inset(50%);border: 0;word-wrap: normal !important;"
    />
    <div
      aria-atomic="true"
      aria-live="polite"
      aria-relevant="additions text"
      class="a11y-speak-region"
      id="a11y-speak-polite"
      style="position: absolute;margin: -1px;padding: 0;height: 1px;width: 1px;overflow: hidden;clip: rect(1px, 1px, 1px, 1px);-webkit-clip-path: inset(50%);clip-path: inset(50%);border: 0;word-wrap: normal !important;"
    />
    <div>
      <div
        class="components-panel__body is-opened"
      >
        <h2
          class="components-panel__body-title"
        >
          <button
            aria-expanded="true"
            class="components-button components-panel__body-toggle"
            type="button"
          >
            <span
              aria-hidden="true"
            >
              <svg
                aria-hidden="true"
                class="components-panel__arrow"
                focusable="false"
                height="24"
                viewBox="0 0 24 24"
                width="24"
                xmlns="http://www.w3.org/2000/svg"
              >
                <path
                  d="M6.5 12.4L12 8l5.5 4.4-.9 1.2L12 10l-4.5 3.6-1-1.2z"
                />
              </svg>
            </span>
            Color
          </button>
        </h2>
        <div
          class="components-item-group block-editor-panel-color-gradient-settings__item-group"
          data-wp-c16t="true"
          data-wp-component="ItemGroup"
          role="list"
        >
          <div
            class="components-dropdown block-editor-panel-color-gradient-settings__dropdown"
          >
            <div
              role="listitem"
            >
              <button
                class="components-item block-editor-panel-color-gradient-settings__item"
              >
                <div
                  class="components-flex components-h-stack"
                >
                  <span
                    class="component-color-indicator block-editor-panel-color-gradient-settings__color-indicator"
                    style="background: rgb(172, 39, 109);"
                  />
                  <div
                    class="components-flex-item"
                    data-wp-c16t="true"
                    data-wp-component="FlexItem"
                  >
                    Text Color
                  </div>
                </div>
              </button>
            </div>
          </div>
        </div>
        <div
          class="components-spacer css-76v8xp-View-classes-classes em57xhy0"
          data-wp-c16t="true"
          data-wp-component="Spacer"
        />
        <div
          class="components-contrast-checked"
        >
          #fff
           - 
          #000
        </div>
      </div>
    </div>
  </body>,
  "container": <div>
    <div
      class="components-panel__body is-opened"
    >
      <h2
        class="components-panel__body-title"
      >
        <button
          aria-expanded="true"
          class="components-button components-panel__body-toggle"
          type="button"
        >
          <span
            aria-hidden="true"
          >
            <svg
              aria-hidden="true"
              class="components-panel__arrow"
              focusable="false"
              height="24"
              viewBox="0 0 24 24"
              width="24"
              xmlns="http://www.w3.org/2000/svg"
            >
              <path
                d="M6.5 12.4L12 8l5.5 4.4-.9 1.2L12 10l-4.5 3.6-1-1.2z"
              />
            </svg>
          </span>
          Color
        </button>
      </h2>
      <div
        class="components-item-group block-editor-panel-color-gradient-settings__item-group"
        data-wp-c16t="true"
        data-wp-component="ItemGroup"
        role="list"
      >
        <div
          class="components-dropdown block-editor-panel-color-gradient-settings__dropdown"
        >
          <div
            role="listitem"
          >
            <button
              class="components-item block-editor-panel-color-gradient-settings__item"
            >
              <div
                class="components-flex components-h-stack"
              >
                <span
                  class="component-color-indicator block-editor-panel-color-gradient-settings__color-indicator"
                  style="background: rgb(172, 39, 109);"
                />
                <div
                  class="components-flex-item"
                  data-wp-c16t="true"
                  data-wp-component="FlexItem"
                >
                  Text Color
                </div>
              </div>
            </button>
          </div>
        </div>
      </div>
      <div
        class="components-spacer css-76v8xp-View-classes-classes em57xhy0"
        data-wp-c16t="true"
        data-wp-component="Spacer"
      />
      <div
        class="components-contrast-checked"
      >
        #fff
         - 
        #000
      </div>
    </div>
  </div>,
  "debug": [Function],
  "findAllByAltText": [Function],
  "findAllByDisplayValue": [Function],
  "findAllByLabelText": [Function],
  "findAllByPlaceholderText": [Function],
  "findAllByRole": [Function],
  "findAllByTestId": [Function],
  "findAllByText": [Function],
  "findAllByTitle": [Function],
  "findByAltText": [Function],
  "findByDisplayValue": [Function],
  "findByLabelText": [Function],
  "findByPlaceholderText": [Function],
  "findByRole": [Function],
  "findByTestId": [Function],
  "findByText": [Function],
  "findByTitle": [Function],
  "getAllByAltText": [Function],
  "getAllByDisplayValue": [Function],
  "getAllByLabelText": [Function],
  "getAllByPlaceholderText": [Function],
  "getAllByRole": [Function],
  "getAllByTestId": [Function],
  "getAllByText": [Function],
  "getAllByTitle": [Function],
  "getByAltText": [Function],
  "getByDisplayValue": [Function],
  "getByLabelText": [Function],
  "getByPlaceholderText": [Function],
  "getByRole": [Function],
  "getByTestId": [Function],
  "getByText": [Function],
  "getByTitle": [Function],
  "queryAllByAltText": [Function],
  "queryAllByDisplayValue": [Function],
  "queryAllByLabelText": [Function],
  "queryAllByPlaceholderText": [Function],
  "queryAllByRole": [Function],
  "queryAllByTestId": [Function],
  "queryAllByText": [Function],
  "queryAllByTitle": [Function],
  "queryByAltText": [Function],
  "queryByDisplayValue": [Function],
  "queryByLabelText": [Function],
  "queryByPlaceholderText": [Function],
  "queryByRole": [Function],
  "queryByTestId": [Function],
  "queryByText": [Function],
  "queryByTitle": [Function],
  "rerender": [Function],
  "unmount": [Function],
}
`;
